W/ResourceType(   61): No package identifier when getting value for resource number 0x7f060001
D/GTalkService(  215): --- on boot, start GTalk service ---
V/SetupWizard(  176): Ignoring LOGIN_ACCOUNTS_MISSING because SetupWizard isn't required
D/GooglePartnerSetup(  286): Starting GooglePartnerSetup
D/GooglePartnerSetup(  286): Starting GooglePartnerSetup
D/GooglePartnerSetup(  286): Starting GooglePartnerSetup
D/GooglePartnerSetup(  286): Starting GooglePartnerSetup
D/GooglePartnerSetup(  286): client_id set to: google-us
D/GooglePartnerSetup(  286): Removing GooglePartnerSetup from the PackageManager
D/ActivityManager(   61): Uninstalling process com.google.android.googlepartnersetup
D/ActivityManager(   61): Force removing process ProcessRecord{43679ef8 286:com.google.android.googlepartnersetup/10015} (com.google.android.googlepartnersetup/10015)
I/Process (   61): Sending signal. PID: 286 SIG: 9
I/ActivityManager(   61): Stopping service: com.android.calendar/.AlertService
W/ResourceType(   61): No package identifier when getting value for resource number 0x7f060001
D/ActivityManager(   61): Received spurious death notification for thread android.os.BinderProxy@437d6dc0
I/ActivityManager(   61): Stopping service: com.android.mms/.transaction.SmsReceiverService
V/SetupWizard(  176): Ignoring LOGIN_ACCOUNTS_MISSING because SetupWizard isn't required
I/ActivityManager(   61): Stopping service: com.android.mms/.transaction.TransactionService
I/CheckinService(   61): Checkin triggered: Intent { action=android.server.checkin.CHECKIN flags=0x4 (has extras) }, market only = false
I/CheckinService(   61): Checkin triggered: Intent { action=android.server.checkin.CHECKIN flags=0x4 (has extras) }, market only = false
D/VoiceDialerReceiver(  307): onReceive Intent { action=android.intent.action.PACKAGE_CHANGED data=package:com.android.stk comp={com.android.voicedialer/com.android.voicedialer.VoiceDialerReceiver} (has extras) }
D/RecognizerEngine(  307): deleteCachedGrammarFiles /data/data/com.android.voicedialer/files/openentries.txt
D/VoiceDialerReceiver(  307): onReceive Intent { action=android.intent.action.PACKAGE_CHANGED data=package:com.google.android.googlepartnersetup comp={com.android.voicedialer/com.android.voicedialer.VoiceDialerReceiver} (has extras) }
D/RecognizerEngine(  307): deleteCachedGrammarFiles /data/data/com.android.voicedialer/files/openentries.txt
D/Sync    (   61): Received sSubscribedFeedsRefreshIntent
I/ActivityManager(   61): Stopping service: com.android.mms/.transaction.TransactionService
D/        (   61): unable to unlink '/data/data/com.android.providers.subscribedfeeds/shared_prefs/subscribedFeeds.xml.bak': No such file or directory (errno=2)
I/ActivityManager(   61): Stopping service: com.android.providers.subscribedfeeds/.SubscribedFeedsIntentService
I/ActivityManager(   61): Stopping service: com.android.providers.downloads/.DownloadService
D/dalvikvm(   61): GREF has increased to 301
D/dalvikvm(   61): GC freed 9462 objects / 396968 bytes in 208ms
I/CheckinService(   61): Sending checkin request (1355 bytes)...
D/InetAddress(   61): android.clients.google.com: 72.14.213.138 (family 2, proto 6)
D/InetAddress(   61): android.clients.google.com: 72.14.213.102 (family 2, proto 6)
D/InetAddress(   61): android.clients.google.com: 72.14.213.139 (family 2, proto 6)
D/InetAddress(   61): android.clients.google.com: 72.14.213.100 (family 2, proto 6)
D/InetAddress(   61): android.clients.google.com: 72.14.213.113 (family 2, proto 6)
D/InetAddress(   61): android.clients.google.com: 72.14.213.101 (family 2, proto 6)
D/MediaScanner(  264):  prescan time: 4237ms
D/MediaScanner(  264):     scan time: 1693ms
D/MediaScanner(  264): postscan time: 0ms
D/MediaScanner(  264):    total time: 5930ms
D/MediaScannerService(  264): done scanning volume internal
D/MediaScannerService(  264): start scanning volume external
V/MediaScanner(  264): pruneDeadThumbnailFiles... android.database.sqlite.SQLiteCursor@4368be70
V/MediaScanner(  264): /pruneDeadThumbnailFiles... android.database.sqlite.SQLiteCursor@4368be70
D/MediaScanner(  264):  prescan time: 162ms
D/MediaScanner(  264):     scan time: 34ms
D/MediaScanner(  264): postscan time: 47ms
D/MediaScanner(  264):    total time: 243ms
D/MediaScannerService(  264): done scanning volume external
D/MediaScannerService(  264): start scanning volume external
V/MediaScanner(  264): pruneDeadThumbnailFiles... android.database.sqlite.SQLiteCursor@43690880
V/MediaScanner(  264): /pruneDeadThumbnailFiles... android.database.sqlite.SQLiteCursor@43690880
D/MediaScanner(  264):  prescan time: 231ms
D/MediaScanner(  264):     scan time: 14ms
D/MediaScanner(  264): postscan time: 37ms
D/MediaScanner(  264):    total time: 282ms
D/MediaScannerService(  264): done scanning volume external
I/ActivityManager(   61): Stopping service: com.android.providers.media/.MediaScannerService
D/dalvikvm(   61): GC freed 10768 objects / 805384 bytes in 246ms
D/dalvikvm(   61): GC freed 8702 objects / 624792 bytes in 199ms
D/dalvikvm(  175): GC freed 1263 objects / 117752 bytes in 237ms
D/dalvikvm(   61): GC freed 12248 objects / 608672 bytes in 124ms
I/ActivityManager(   61): Starting activity: Intent { action=android.intent.action.SYSTEM_TUTORIAL comp={com.android.setupwizard/com.android.setupwizard.TutorialActivity} (has extras) }
I/ActivityManager(   61): Displayed activity com.android.setupwizard/.TutorialActivity: 663 ms
I/CheckinService(   61): From server: Intent { action=android.server.checkin.FOTA_CANCEL }
D/dalvikvm(   61): GC freed 6947 objects / 369136 bytes in 136ms
I/CheckinService(   61): Checkin success
I/CheckinService(   61): Sending checkin request (609 bytes)...
I/CheckinService(   61): From server: Intent { action=android.server.checkin.FOTA_CANCEL }
I/CheckinService(   61): Checkin success
I/ActivityManager(   61): Starting activity: Intent { flags=0x10000000 comp={com.android.setupwizard/com.android.setupwizard.ChooseAccountActivity} }
W/SetupWizard(  176): No such policy while creating link, id='google_privacy'
W/SetupWizard(  176): No such policy while creating link, id='android_privacy'
V/SetupWizard(  176): TimeSet: true TimeZoneSet: true
V/SetupWizard(  176): TimeSet: true TimeZoneSet: true
I/ActivityManager(   61): Displayed activity com.android.setupwizard/.ChooseAccountActivity: 455 ms
W/CheckinService(   61): can't dumpsys unknown service: account
I/CheckinService(   61): Sending checkin request (828 bytes)...
I/CheckinService(   61): From server: Intent { action=android.server.checkin.FOTA_CANCEL }
I/CheckinService(   61): Checkin success
V/SetupWizard(  176): TimeSet: true TimeZoneSet: true
V/SetupWizard(  176): TimeSet: true TimeZoneSet: true
D/dalvikvm(  264): GC freed 5472 objects / 300024 bytes in 210ms
D/dalvikvm(  203): GC freed 3448 objects / 194120 bytes in 240ms
D/dalvikvm(  241): GC freed 1370 objects / 86088 bytes in 243ms
D/dalvikvm(  252): GC freed 3402 objects / 231024 bytes in 344ms
W/SurfaceComposerClient(  176): lock_layer timed out (is the CPU pegged?) layer=1, lcblk=0x423640a0, state=00000002 (was 00000043)
W/SurfaceComposerClient(  176): lock_layer() timed out but didn't appear to need to be locked and we recovered (layer=1, lcblk=0x423640a0, state=00000002)
